ARM Linker, 4.1 [Build 894] [Evaluation]

==============================================================================

Section Cross References

    startup.o(RESET) refers to startup.o(STACK) for __initial_sp
    startup.o(RESET) refers to systick.o(.text) for SYSTICKIntHandler
    startup.o(RESET) refers to uart.o(.text) for UART0IntHandler
    startup.o(RESET) refers to entry.o(.ARM.Collect$$$$00000000) for __main
    startup.o(.text) refers to startup.o(HEAP) for __heap_base
    startup.o(.text) refers to startup.o(STACK) for StackMem
    main.o(.text) refers to uart.o(.text) for uartTx
    main.o(.text) refers to gpio.o(.text) for uartTxPoll
    main.o(.text) refers to rand.o(.text) for rand
    main.o(.text) refers to dfltui.o(.text) for __aeabi_ui2d
    main.o(.text) refers to dmul.o(.text) for __aeabi_dmul
    main.o(.text) refers to dfixi.o(.text) for __aeabi_d2iz
    main.o(.text) refers to main.o(.data) for myChar
    main.o(.text) refers to systick.o(.data) for ranUpdate
    main.o(.text) refers to adc.o(.data) for catSpeed
    main.o(.text) refers to led_chars.o(.data) for nextMasterRow
    main.o(.text) refers to gpio.o(.data) for moveInto
    main.o(.text) refers to initboard.o(.text) for initBoard
    main.o(.text) refers to adc.o(.text) for updateRandomValue
    adc.o(.text) refers to adc.o(.data) for AlertADC
    adc.o(.text) refers to main.o(.data) for cannonFired
    adc.o(.text) refers to led_chars.o(.data) for MASTER_BOARD
    adc.o(.text) refers to systick.o(.data) for cannonVelocity
    gpio.o(.text) refers to initboard.o(.data) for PortA
    gpio.o(.text) refers to gpio.o(.data) for AlertDebounce
    gpio.o(.text) refers to main.o(.data) for cannonFired
    gpio.o(.text) refers to led_chars.o(.data) for MASTER_BOARD
    gpio.o(.text) refers to main.o(.text) for itemHit
    gpio.o(.text) refers to adc.o(.data) for cannonAngle
    gpio.o(.text) refers to systick.o(.data) for boardUpdate
    initboard.o(.text) refers to pll.o(.text) for PLL_Init
    initboard.o(.text) refers to gpio.o(.text) for initializeGpioPins
    initboard.o(.text) refers to adc.o(.text) for initializeADC
    initboard.o(.text) refers to systick.o(.text) for initializeSysTick
    initboard.o(.text) refers to uart.o(.text) for initUART
    initboard.o(.text) refers to spi.o(.text) for initializeSPI
    initboard.o(.text) refers to startup.o(.text) for EnableInterrupts
    systick.o(.text) refers to startup.o(.text) for DisableInterrupts
    systick.o(.text) refers to systick.o(.data) for rowUpdateCount
    systick.o(.text) refers to main.o(.data) for OneSecond
    systick.o(.text) refers to adc.o(.data) for RefreshRate
    systick.o(.text) refers to gpio.o(.data) for AlertRowUpdate
    uart.o(.text) refers to circular_buffer.o(.text) for cBufInit
    uart.o(.text) refers to startup.o(.text) for DisableInterrupts
    uart.o(.text) refers to uart.o(.data) for myUart
    uart.o(.text) refers to uart.o(.bss) for rx_Buffer
    circular_buffer.o(.text) refers to malloc.o(i.malloc) for malloc
    entry.o(.ARM.Collect$$$$00000000) refers (Special) to entry7b.o(.ARM.Collect$$$$00000008) for _main_clock
    entry.o(.ARM.Collect$$$$00000000) refers (Special) to entry8.o(.ARM.Collect$$$$00000009) for _main_init
    entry.o(.ARM.Collect$$$$00000000) refers (Special) to entry5.o(.ARM.Collect$$$$00000004) for _main_scatterload
    entry.o(.ARM.Collect$$$$00000000) refers (Special) to entry2.o(.ARM.Collect$$$$00000001) for _main_stk
    rand.o(.text) refers to rand.o(.data) for .data
    malloc.o(i.free) refers to mvars.o(.data) for __microlib_freelist
    malloc.o(i.malloc) refers to mvars.o(.data) for __microlib_freelist_initialised
    malloc.o(i.malloc) refers to mvars.o(.data) for __microlib_freelist
    malloc.o(i.malloc) refers to startup.o(HEAP) for __heap_base
    mallocr.o(i.__free$realloc) refers to mvars.o(.data) for __microlib_freelist
    mallocr.o(i.__malloc$realloc) refers to mallocr.o(i.internal_alloc) for internal_alloc
    mallocr.o(i.__malloc$realloc) refers to mvars.o(.data) for __microlib_freelist_initialised
    mallocr.o(i.__malloc$realloc) refers to startup.o(HEAP) for __heap_base
    mallocr.o(i.__malloc$realloc) refers to mvars.o(.data) for __microlib_freelist
    mallocr.o(i.internal_alloc) refers to memcpya.o(.text) for __aeabi_memcpy
    mallocr.o(i.internal_alloc) refers to mvars.o(.data) for __microlib_freelist
    mallocr.o(i.realloc) refers to mallocr.o(i.__free$realloc) for __free$realloc
    mallocr.o(i.realloc) refers to mallocr.o(i.internal_alloc) for internal_alloc
    mallocr.o(i.realloc) refers to mallocr.o(i.__malloc$realloc) for __malloc$realloc
    mallocr.o(i.realloc) refers to mvars.o(.data) for __microlib_freelist
    malloca.o(i.__aligned_malloc) refers to mvars.o(.data) for __microlib_freelist_initialised
    malloca.o(i.__aligned_malloc) refers to mvars.o(.data) for __microlib_freelist
    malloca.o(i.__aligned_malloc) refers to startup.o(HEAP) for __heap_base
    malloca.o(i.__free$memalign) refers to mvars.o(.data) for __microlib_freelist
    malloca.o(i.__malloc$memalign) refers to malloca.o(i.__aligned_malloc) for __aligned_malloc
    mallocra.o(i.__aligned_malloc$realloc) refers to mallocra.o(i.internal_alloc) for internal_alloc
    mallocra.o(i.__aligned_malloc$realloc) refers to mvars.o(.data) for __microlib_freelist_initialised
    mallocra.o(i.__aligned_malloc$realloc) refers to startup.o(HEAP) for __heap_base
    mallocra.o(i.__aligned_malloc$realloc) refers to mvars.o(.data) for __microlib_freelist
    mallocra.o(i.__free$realloc$memalign) refers to mvars.o(.data) for __microlib_freelist
    mallocra.o(i.__malloc$realloc$memalign) refers to mallocra.o(i.__aligned_malloc$realloc) for __aligned_malloc$realloc
    mallocra.o(i.__realloc$memalign) refers to mallocra.o(i.__free$realloc$memalign) for __free$realloc$memalign
    mallocra.o(i.__realloc$memalign) refers to mallocra.o(i.internal_alloc) for internal_alloc
    mallocra.o(i.__realloc$memalign) refers to mallocra.o(i.__malloc$realloc$memalign) for __malloc$realloc$memalign
    mallocra.o(i.__realloc$memalign) refers to mvars.o(.data) for __microlib_freelist
    mallocra.o(i.internal_alloc) refers to memcpya.o(.text) for __aeabi_memcpy
    mallocra.o(i.internal_alloc) refers to mvars.o(.data) for __microlib_freelist
    dmul.o(.text) refers (Special) to iusefp.o(.text) for __I$use$fp
    dmul.o(.text) refers to depilogue.o(.text) for _double_epilogue
    dfltui.o(.text) refers (Special) to iusefp.o(.text) for __I$use$fp
    dfltui.o(.text) refers to depilogue.o(.text) for _double_epilogue
    dfixi.o(.text) refers (Special) to iusefp.o(.text) for __I$use$fp
    dfixi.o(.text) refers to llushr.o(.text) for __aeabi_llsr
    entry2.o(.ARM.Collect$$$$00000001) refers to entry2.o(.ARM.Collect$$$$00002712) for __lit__00000000
    entry2.o(.ARM.Collect$$$$00002712) refers to startup.o(STACK) for __initial_sp
    entry2.o(__vectab_stack_and_reset_area) refers to startup.o(STACK) for __initial_sp
    entry2.o(__vectab_stack_and_reset_area) refers to entry.o(.ARM.Collect$$$$00000000) for __main
    entry5.o(.ARM.Collect$$$$00000004) refers to init.o(.text) for __scatterload
    entry8.o(.ARM.Collect$$$$00000009) refers to main.o(.text) for main
    depilogue.o(.text) refers to llshl.o(.text) for __aeabi_llsl
    depilogue.o(.text) refers to llushr.o(.text) for __aeabi_llsr
    init.o(.text) refers to entry5.o(.ARM.Collect$$$$00000004) for __main_after_scatterload


==============================================================================

Removing Unused input sections from the image.

    Removing main.o(.bss), (20 bytes).

1 unused section(s) (total 20 bytes) removed from the image.

==============================================================================

Image Symbol Table

    Local Symbols

    Symbol Name                              Value     Ov Type        Size  Object(Section)

    RESET                                    0x00000000   Section      632  startup.o(RESET)
    ../../../cmprslib/zerorunl2.c            0x00000000   Number         0  __dczerorl2.o ABSOLUTE
    ../../microlib/fpepilogue.c              0x00000000   Number         0  depilogue.o ABSOLUTE
    ../../microlib/fpfix.c                   0x00000000   Number         0  dfixi.o ABSOLUTE
    ../../microlib/fpflt.c                   0x00000000   Number         0  dfltui.o ABSOLUTE
    ../../microlib/fpmul.c                   0x00000000   Number         0  dmul.o ABSOLUTE
    ../../microlib/init/entry.s              0x00000000   Number         0  entry.o ABSOLUTE
    ../../microlib/init/entry.s              0x00000000   Number         0  entry2.o ABSOLUTE
    ../../microlib/init/entry.s              0x00000000   Number         0  entry5.o ABSOLUTE
    ../../microlib/init/entry.s              0x00000000   Number         0  entry7a.o ABSOLUTE
    ../../microlib/init/entry.s              0x00000000   Number         0  entry7b.o ABSOLUTE
    ../../microlib/init/entry.s              0x00000000   Number         0  entry8.o ABSOLUTE
    ../../microlib/longlong.c                0x00000000   Number         0  llushr.o ABSOLUTE
    ../../microlib/longlong.c                0x00000000   Number         0  llshl.o ABSOLUTE
    ../../microlib/malloc/malloc.c           0x00000000   Number         0  mallocra.o ABSOLUTE
    ../../microlib/malloc/malloc.c           0x00000000   Number         0  mallocr.o ABSOLUTE
    ../../microlib/malloc/malloc.c           0x00000000   Number         0  malloc.o ABSOLUTE
    ../../microlib/malloc/malloc.c           0x00000000   Number         0  malloca.o ABSOLUTE
    ../../microlib/malloc/mvars.c            0x00000000   Number         0  mvars.o ABSOLUTE
    ../../microlib/stdlib/rand.c             0x00000000   Number         0  rand.o ABSOLUTE
    ../../microlib/string/memcpy.c           0x00000000   Number         0  memcpya.o ABSOLUTE
    ../../microlib/string/memcpy.c           0x00000000   Number         0  memcpyb.o ABSOLUTE
    ../../microlib/stubs.s                   0x00000000   Number         0  iusefp.o ABSOLUTE
    ADC.c                                    0x00000000   Number         0  adc.o ABSOLUTE
    PLL.c                                    0x00000000   Number         0  pll.o ABSOLUTE
    SPI.c                                    0x00000000   Number         0  spi.o ABSOLUTE
    Startup.s                                0x00000000   Number         0  startup.o ABSOLUTE
    circular_buffer.c                        0x00000000   Number         0  circular_buffer.o ABSOLUTE
    dc.s                                     0x00000000   Number         0  dc.o ABSOLUTE
    gpio.c                                   0x00000000   Number         0  gpio.o ABSOLUTE
    handlers.s                               0x00000000   Number         0  handlers.o ABSOLUTE
    init.s                                   0x00000000   Number         0  init.o ABSOLUTE
    initBoard.c                              0x00000000   Number         0  initboard.o ABSOLUTE
    led_chars.c                              0x00000000   Number         0  led_chars.o ABSOLUTE
    main.c                                   0x00000000   Number         0  main.o ABSOLUTE
    systick.c                                0x00000000   Number         0  systick.o ABSOLUTE
    uart.c                                   0x00000000   Number         0  uart.o ABSOLUTE
    NmiSR                                    0x00000271   Thumb Code     0  startup.o(RESET)
    FaultISR                                 0x00000273   Thumb Code     0  startup.o(RESET)
    IntDefaultHandler                        0x00000275   Thumb Code     0  startup.o(RESET)
    .ARM.Collect$$$$00000000                 0x00000278   Section        0  entry.o(.ARM.Collect$$$$00000000)
    .ARM.Collect$$$$00000001                 0x00000278   Section        4  entry2.o(.ARM.Collect$$$$00000001)
    .ARM.Collect$$$$00000004                 0x0000027c   Section        4  entry5.o(.ARM.Collect$$$$00000004)
    .ARM.Collect$$$$00000008                 0x00000280   Section        0  entry7b.o(.ARM.Collect$$$$00000008)
    .ARM.Collect$$$$00000009                 0x00000280   Section        8  entry8.o(.ARM.Collect$$$$00000009)
    .ARM.Collect$$$$00002712                 0x00000288   Section        4  entry2.o(.ARM.Collect$$$$00002712)
    __lit__00000000                          0x00000288   Data           4  entry2.o(.ARM.Collect$$$$00002712)
    .text                                    0x0000028c   Section       68  startup.o(.text)
    .text                                    0x000002d0   Section        0  main.o(.text)
    .text                                    0x00000ce4   Section        0  adc.o(.text)
    .text                                    0x00000f70   Section        0  gpio.o(.text)
    .text                                    0x000019e8   Section        0  initboard.o(.text)
    .text                                    0x00001a48   Section        0  systick.o(.text)
    .text                                    0x00001c34   Section        0  uart.o(.text)
    .text                                    0x000021e0   Section        0  spi.o(.text)
    .text                                    0x00002358   Section        0  pll.o(.text)
    .text                                    0x000023e4   Section        0  circular_buffer.o(.text)
    .text                                    0x000024b8   Section        0  rand.o(.text)
    .text                                    0x000024dc   Section        0  dmul.o(.text)
    .text                                    0x000025bc   Section        0  dfltui.o(.text)
    .text                                    0x000025d6   Section        0  dfixi.o(.text)
    .text                                    0x00002614   Section        0  llushr.o(.text)
    .text                                    0x00002634   Section        0  depilogue.o(.text)
    .text                                    0x00002634   Section        0  iusefp.o(.text)
    .text                                    0x000026f4   Section       36  init.o(.text)
    .text                                    0x00002718   Section        0  llshl.o(.text)
    .text                                    0x00002736   Section        0  __dczerorl2.o(.text)
    i.__scatterload_copy                     0x00002792   Section       14  handlers.o(i.__scatterload_copy)
    i.__scatterload_null                     0x000027a0   Section        2  handlers.o(i.__scatterload_null)
    i.__scatterload_zeroinit                 0x000027a2   Section       14  handlers.o(i.__scatterload_zeroinit)
    i.malloc                                 0x000027b0   Section        0  malloc.o(i.malloc)
    .data                                    0x20000000   Section      195  main.o(.data)
    item                                     0x200000a0   Data           4  main.o(.data)
    bombLocation                             0x200000a4   Data           4  main.o(.data)
    watchDogCount                            0x200000a8   Data           4  main.o(.data)
    watchDogCount                            0x200000ac   Data           4  main.o(.data)
    i                                        0x200000b0   Data           4  main.o(.data)
    j                                        0x200000b4   Data           4  main.o(.data)
    Highscore                                0x200000b8   Data           1  main.o(.data)
    EvenHigherScore                          0x200000b9   Data           1  main.o(.data)
    Saved                                    0x200000ba   Data           1  main.o(.data)
    dummy                                    0x200000bb   Data           1  main.o(.data)
    .data                                    0x200000c4   Section       20  adc.o(.data)
    .data                                    0x200000d8   Section       60  gpio.o(.data)
    i                                        0x200000e0   Data           4  gpio.o(.data)
    bombLocation                             0x200000e4   Data           4  gpio.o(.data)
    debounce_timer                           0x200000e8   Data           4  gpio.o(.data)
    catColor                                 0x200000ec   Data           4  gpio.o(.data)
    skyIntensity                             0x200000f0   Data           4  gpio.o(.data)
    .data                                    0x20000114   Section       24  initboard.o(.data)
    .data                                    0x2000012c   Section       36  systick.o(.data)
    rowUpdateCount                           0x2000012c   Data           2  systick.o(.data)
    refreshRow                               0x20000130   Data           4  systick.o(.data)
    timer0Counter                            0x20000134   Data           4  systick.o(.data)
    .data                                    0x20000150   Section       16  uart.o(.data)
    .data                                    0x20000160   Section      160  led_chars.o(.data)
    .data                                    0x20000200   Section        4  rand.o(.data)
    _rand_state                              0x20000200   Data           4  rand.o(.data)
    .data                                    0x20000204   Section        4  mvars.o(.data)
    .data                                    0x20000208   Section        4  mvars.o(.data)
    .bss                                     0x2000020c   Section       96  uart.o(.bss)
    HEAP                                     0x20000270   Section     4096  startup.o(HEAP)
    STACK                                    0x20001270   Section     4096  startup.o(STACK)
    StackMem                                 0x20001270   Data           0  startup.o(STACK)

    Global Symbols

    Symbol Name                              Value     Ov Type        Size  Object(Section)

    BuildAttributes$$THM_ISAv4$E$P$D$K$B$S$7EM$VFPi3$EXTD16$VFPS$VFMA$PE$A:L22UL41UL21$X:L11$S22US41US21$IEEE1$IW$USESV6$~STKCKD$USESV7$~SHL$OSPACE$ROPI$EBA8$MICROLIB$REQ8$PRES8$EABIv2 0x00000000   Number         0  anon$$obj.o ABSOLUTE
    __ARM_use_no_argv                        0x00000000   Number         0  main.o ABSOLUTE
    __Vectors                                0x00000000   Data           4  startup.o(RESET)
    _clock_init                               - Undefined Weak Reference
    Reset_Handler                            0x0000026d   Thumb Code     0  startup.o(RESET)
    __main                                   0x00000279   Thumb Code     0  entry.o(.ARM.Collect$$$$00000000)
    _main_stk                                0x00000279   Thumb Code     0  entry2.o(.ARM.Collect$$$$00000001)
    _main_scatterload                        0x0000027d   Thumb Code     0  entry5.o(.ARM.Collect$$$$00000004)
    __main_after_scatterload                 0x00000281   Thumb Code     0  entry5.o(.ARM.Collect$$$$00000004)
    _main_clock                              0x00000281   Thumb Code     0  entry7b.o(.ARM.Collect$$$$00000008)
    _main_init                               0x00000281   Thumb Code     0  entry8.o(.ARM.Collect$$$$00000009)
    DisableInterrupts                        0x0000028d   Thumb Code     0  startup.o(.text)
    EnableInterrupts                         0x00000291   Thumb Code     0  startup.o(.text)
    StartCritical                            0x00000295   Thumb Code     0  startup.o(.text)
    EndCritical                              0x0000029d   Thumb Code     0  startup.o(.text)
    WaitForInterrupt                         0x000002a3   Thumb Code     0  startup.o(.text)
    getHeapBase                              0x000002a7   Thumb Code     0  startup.o(.text)
    getHeapSize                              0x000002b1   Thumb Code     0  startup.o(.text)
    getStackBase                             0x000002c7   Thumb Code     0  startup.o(.text)
    detectMaster                             0x000002d1   Thumb Code   126  main.o(.text)
    randomItemGen                            0x0000034f   Thumb Code   180  main.o(.text)
    itemHit                                  0x00000403   Thumb Code   994  main.o(.text)
    kittyMovement                            0x000007e5   Thumb Code   460  main.o(.text)
    masterApp                                0x000009b1   Thumb Code   124  main.o(.text)
    slaveApp                                 0x00000a2d   Thumb Code   280  main.o(.text)
    main                                     0x00000b45   Thumb Code   376  main.o(.text)
    initializeADC                            0x00000ce5   Thumb Code   144  adc.o(.text)
    GetADCval                                0x00000d75   Thumb Code   110  adc.o(.text)
    updateCannonAngle                        0x00000de3   Thumb Code   104  adc.o(.text)
    cannonRateVelocity                       0x00000e4b   Thumb Code   204  adc.o(.text)
    updateRandomValue                        0x00000f17   Thumb Code    26  adc.o(.text)
    initializeGpioPins                       0x00000f71   Thumb Code   690  gpio.o(.text)
    uartTxPoll                               0x00001223   Thumb Code    30  gpio.o(.text)
    examineButton                            0x00001241   Thumb Code   808  gpio.o(.text)
    updateGameBoard                          0x00001569   Thumb Code   278  gpio.o(.text)
    updateDisplay                            0x0000167f   Thumb Code   850  gpio.o(.text)
    initBoard                                0x000019e9   Thumb Code    68  initboard.o(.text)
    SYSTICKIntHandler                        0x00001a49   Thumb Code   164  systick.o(.text)
    TimerAIntHandler                         0x00001aed   Thumb Code    98  systick.o(.text)
    initializeWatchDog                       0x00001b4f   Thumb Code    30  systick.o(.text)
    initializeSysTick                        0x00001b6d   Thumb Code    48  systick.o(.text)
    initializeTimerA                         0x00001b9d   Thumb Code    80  systick.o(.text)
    initUART                                 0x00001c35   Thumb Code   198  uart.o(.text)
    initUART2                                0x00001cfb   Thumb Code   172  uart.o(.text)
    initUART5                                0x00001da7   Thumb Code   172  uart.o(.text)
    uartRx                                   0x00001e53   Thumb Code   192  uart.o(.text)
    uartTx                                   0x00001f13   Thumb Code   142  uart.o(.text)
    UART0IntHandler                          0x00001fa1   Thumb Code   224  uart.o(.text)
    UART2IntHandler                          0x00002081   Thumb Code   158  uart.o(.text)
    UART5IntHandler                          0x0000211f   Thumb Code   158  uart.o(.text)
    initializeSPI                            0x000021e1   Thumb Code   100  spi.o(.text)
    spi_eeprom_read_status                   0x00002245   Thumb Code    30  spi.o(.text)
    spi_eeprom_wait_write_in_progress        0x00002263   Thumb Code    14  spi.o(.text)
    spi_eeprom_read_byte                     0x00002271   Thumb Code    48  spi.o(.text)
    spi_eeprom_write_disable                 0x000022a1   Thumb Code    20  spi.o(.text)
    spi_eeprom_write_enable                  0x000022b5   Thumb Code    20  spi.o(.text)
    spi_eeprom_write_byte                    0x000022c9   Thumb Code    54  spi.o(.text)
    spiTx                                    0x000022ff   Thumb Code    76  spi.o(.text)
    PLL_Init                                 0x00002359   Thumb Code   134  pll.o(.text)
    cBufInit                                 0x000023e5   Thumb Code    44  circular_buffer.o(.text)
    cBufAddChar                              0x00002411   Thumb Code    84  circular_buffer.o(.text)
    cBufGetChar                              0x00002465   Thumb Code    64  circular_buffer.o(.text)
    cBufGetFreeCount                         0x000024a5   Thumb Code    18  circular_buffer.o(.text)
    rand                                     0x000024b9   Thumb Code    20  rand.o(.text)
    srand                                    0x000024cd   Thumb Code     6  rand.o(.text)
    __aeabi_dmul                             0x000024dd   Thumb Code   224  dmul.o(.text)
    __aeabi_ui2d                             0x000025bd   Thumb Code    26  dfltui.o(.text)
    __aeabi_d2iz                             0x000025d7   Thumb Code    62  dfixi.o(.text)
    __aeabi_llsr                             0x00002615   Thumb Code    32  llushr.o(.text)
    _ll_ushift_r                             0x00002615   Thumb Code     0  llushr.o(.text)
    __I$use$fp                               0x00002635   Thumb Code     0  iusefp.o(.text)
    _double_round                            0x00002635   Thumb Code    26  depilogue.o(.text)
    _double_epilogue                         0x0000264f   Thumb Code   164  depilogue.o(.text)
    __scatterload                            0x000026f5   Thumb Code    28  init.o(.text)
    __scatterload_rt2                        0x000026f5   Thumb Code     0  init.o(.text)
    __aeabi_llsl                             0x00002719   Thumb Code    30  llshl.o(.text)
    _ll_shift_l                              0x00002719   Thumb Code     0  llshl.o(.text)
    __decompress                             0x00002737   Thumb Code     0  __dczerorl2.o(.text)
    __decompress1                            0x00002737   Thumb Code    92  __dczerorl2.o(.text)
    __scatterload_copy                       0x00002793   Thumb Code    14  handlers.o(i.__scatterload_copy)
    __scatterload_null                       0x000027a1   Thumb Code     2  handlers.o(i.__scatterload_null)
    __scatterload_zeroinit                   0x000027a3   Thumb Code    14  handlers.o(i.__scatterload_zeroinit)
    malloc                                   0x000027b1   Thumb Code    92  malloc.o(i.malloc)
    Region$$Table$$Base                      0x0000281c   Number         0  anon$$obj.o(Region$$Table)
    Region$$Table$$Limit                     0x0000283c   Number         0  anon$$obj.o(Region$$Table)
    portA_config                             0x20000000   Data          20  main.o(.data)
    portB_config                             0x20000014   Data          20  main.o(.data)
    portC_config                             0x20000028   Data          20  main.o(.data)
    portD_config                             0x2000003c   Data          20  main.o(.data)
    portF_config                             0x20000050   Data          20  main.o(.data)
    UART0_config                             0x20000064   Data          24  main.o(.data)
    teamNumber                               0x2000007c   Data           3  main.o(.data)
    teamMembers                              0x2000007f   Data          24  main.o(.data)
    OneSecond                                0x20000097   Data           1  main.o(.data)
    Master                                   0x20000098   Data           1  main.o(.data)
    cannonFired                              0x20000099   Data           1  main.o(.data)
    itemWasHit                               0x2000009a   Data           1  main.o(.data)
    death                                    0x2000009b   Data           1  main.o(.data)
    myChar                                   0x2000009c   Data           1  main.o(.data)
    catPosition                              0x200000bc   Data           4  main.o(.data)
    watchDogReset                            0x200000c0   Data           1  main.o(.data)
    sendScore                                0x200000c1   Data           1  main.o(.data)
    highestScore                             0x200000c2   Data           1  main.o(.data)
    AlertADC                                 0x200000c4   Data           1  adc.o(.data)
    RefreshRate                              0x200000c6   Data           2  adc.o(.data)
    catSpeed                                 0x200000c8   Data           4  adc.o(.data)
    catVelocity                              0x200000cc   Data           4  adc.o(.data)
    cannonPosition                           0x200000d0   Data           1  adc.o(.data)
    cannonAngle                              0x200000d1   Data           1  adc.o(.data)
    randomValue                              0x200000d4   Data           4  adc.o(.data)
    hasBeenPressed                           0x200000d8   Data           1  gpio.o(.data)
    dynamite                                 0x200000d9   Data           1  gpio.o(.data)
    balloonBomb                              0x200000da   Data           1  gpio.o(.data)
    trampoline                               0x200000db   Data           1  gpio.o(.data)
    moveInto                                 0x200000dc   Data           1  gpio.o(.data)
    Row                                      0x200000dd   Data           1  gpio.o(.data)
    AlertDebounce                            0x200000f4   Data           1  gpio.o(.data)
    countSw300                               0x200000f8   Data           4  gpio.o(.data)
    countSw301                               0x200000fc   Data           4  gpio.o(.data)
    countSw302                               0x20000100   Data           4  gpio.o(.data)
    countSw303                               0x20000104   Data           4  gpio.o(.data)
    height                                   0x20000108   Data           4  gpio.o(.data)
    AlertRowUpdate                           0x2000010c   Data           1  gpio.o(.data)
    score                                    0x20000110   Data           4  gpio.o(.data)
    PortA                                    0x20000114   Data           4  initboard.o(.data)
    PortB                                    0x20000118   Data           4  initboard.o(.data)
    PortC                                    0x2000011c   Data           4  initboard.o(.data)
    PortD                                    0x20000120   Data           4  initboard.o(.data)
    PortE                                    0x20000124   Data           4  initboard.o(.data)
    PortF                                    0x20000128   Data           4  initboard.o(.data)
    cannonVelocity                           0x20000138   Data           4  systick.o(.data)
    updateCatPosition                        0x2000013c   Data           4  systick.o(.data)
    speedCompare                             0x20000140   Data           4  systick.o(.data)
    boardUpdate                              0x20000144   Data           4  systick.o(.data)
    ranUpdate                                0x20000148   Data           4  systick.o(.data)
    secondCounter                            0x2000014c   Data           4  systick.o(.data)
    myUart                                   0x20000150   Data           4  uart.o(.data)
    myUart2                                  0x20000154   Data           4  uart.o(.data)
    myUart5                                  0x20000158   Data           4  uart.o(.data)
    delay                                    0x2000015c   Data           4  uart.o(.data)
    MASTER_BOARD                             0x20000160   Data          64  led_chars.o(.data)
    SLAVE_BOARD                              0x200001a0   Data          64  led_chars.o(.data)
    nextMasterRow                            0x200001e0   Data           8  led_chars.o(.data)
    defaultMasterRow                         0x200001e8   Data           8  led_chars.o(.data)
    nextSlaveRow                             0x200001f0   Data           8  led_chars.o(.data)
    defaultSlaveRow                          0x200001f8   Data           8  led_chars.o(.data)
    __microlib_freelist                      0x20000204   Data           4  mvars.o(.data)
    __microlib_freelist_initialised          0x20000208   Data           4  mvars.o(.data)
    rx_Buffer                                0x2000020c   Data          16  uart.o(.bss)
    tx_Buffer                                0x2000021c   Data          16  uart.o(.bss)
    rx_Buffer2                               0x2000022c   Data          16  uart.o(.bss)
    tx_Buffer2                               0x2000023c   Data          16  uart.o(.bss)
    rx_Buffer5                               0x2000024c   Data          16  uart.o(.bss)
    tx_Buffer5                               0x2000025c   Data          16  uart.o(.bss)
    __heap_base                              0x20000270   Data           0  startup.o(HEAP)
    __heap_limit                             0x20001270   Data           0  startup.o(HEAP)
    __initial_sp                             0x20002270   Data           0  startup.o(STACK)



==============================================================================

Memory Map of the image

  Image Entry point : 0x00000279

  Load Region LR_IROM (Base: 0x00000000, Size: 0x00002a48, Max: 0x00040000, ABSOLUTE, COMPRESSED[0x000028c4])

    Execution Region ER_IROM (Base: 0x00000000, Size: 0x0000283c, Max: 0x00040000, ABSOLUTE)

    Base Addr    Size         Type   Attr      Idx    E Section Name        Object

    0x00000000   0x00000278   Code   RO            3    RESET               startup.o
    0x00000278   0x00000000   Code   RO          234  * .ARM.Collect$$$$00000000  mc_w.l(entry.o)
    0x00000278   0x00000004   Code   RO          274    .ARM.Collect$$$$00000001  mc_w.l(entry2.o)
    0x0000027c   0x00000004   Code   RO          277    .ARM.Collect$$$$00000004  mc_w.l(entry5.o)
    0x00000280   0x00000000   Code   RO          279    .ARM.Collect$$$$00000008  mc_w.l(entry7b.o)
    0x00000280   0x00000008   Code   RO          280    .ARM.Collect$$$$00000009  mc_w.l(entry8.o)
    0x00000288   0x00000004   Code   RO          275    .ARM.Collect$$$$00002712  mc_w.l(entry2.o)
    0x0000028c   0x00000044   Code   RO            4    .text               startup.o
    0x000002d0   0x00000a14   Code   RO           11    .text               main.o
    0x00000ce4   0x0000028c   Code   RO           78    .text               adc.o
    0x00000f70   0x00000a78   Code   RO           94    .text               gpio.o
    0x000019e8   0x00000060   Code   RO          110    .text               initboard.o
    0x00001a48   0x000001ec   Code   RO          129    .text               systick.o
    0x00001c34   0x000005ac   Code   RO          145    .text               uart.o
    0x000021e0   0x00000178   Code   RO          173    .text               spi.o
    0x00002358   0x0000008c   Code   RO          185    .text               pll.lib(pll.o)
    0x000023e4   0x000000d2   Code   RO          200    .text               circular_buffer.lib(circular_buffer.o)
    0x000024b6   0x00000002   PAD
    0x000024b8   0x00000024   Code   RO          237    .text               mc_w.l(rand.o)
    0x000024dc   0x000000e0   Code   RO          268    .text               mf_w.l(dmul.o)
    0x000025bc   0x0000001a   Code   RO          270    .text               mf_w.l(dfltui.o)
    0x000025d6   0x0000003e   Code   RO          272    .text               mf_w.l(dfixi.o)
    0x00002614   0x00000020   Code   RO          281    .text               mc_w.l(llushr.o)
    0x00002634   0x00000000   Code   RO          289    .text               mc_w.l(iusefp.o)
    0x00002634   0x000000be   Code   RO          290    .text               mf_w.l(depilogue.o)
    0x000026f2   0x00000002   PAD
    0x000026f4   0x00000024   Code   RO          292    .text               mc_w.l(init.o)
    0x00002718   0x0000001e   Code   RO          294    .text               mc_w.l(llshl.o)
    0x00002736   0x0000005c   Code   RO          304    .text               mc_w.l(__dczerorl2.o)
    0x00002792   0x0000000e   Code   RO          298    i.__scatterload_copy  mc_w.l(handlers.o)
    0x000027a0   0x00000002   Code   RO          299    i.__scatterload_null  mc_w.l(handlers.o)
    0x000027a2   0x0000000e   Code   RO          300    i.__scatterload_zeroinit  mc_w.l(handlers.o)
    0x000027b0   0x0000006c   Code   RO          241    i.malloc            mc_w.l(malloc.o)
    0x0000281c   0x00000020   Data   RO          296    Region$$Table       anon$$obj.o


    Execution Region RW_IRAM (Base: 0x20000000, Size: 0x00002270, Max: 0x00010000, ABSOLUTE, COMPRESSED[0x00000088])

    Base Addr    Size         Type   Attr      Idx    E Section Name        Object

    0x20000000   0x000000c3   Data   RW           13    .data               main.o
    0x200000c3   0x00000001   PAD
    0x200000c4   0x00000014   Data   RW           79    .data               adc.o
    0x200000d8   0x0000003c   Data   RW           95    .data               gpio.o
    0x20000114   0x00000018   Data   RW          111    .data               initboard.o
    0x2000012c   0x00000024   Data   RW          130    .data               systick.o
    0x20000150   0x00000010   Data   RW          147    .data               uart.o
    0x20000160   0x000000a0   Data   RW          164    .data               led_chars.o
    0x20000200   0x00000004   Data   RW          238    .data               mc_w.l(rand.o)
    0x20000204   0x00000004   Data   RW          287    .data               mc_w.l(mvars.o)
    0x20000208   0x00000004   Data   RW          288    .data               mc_w.l(mvars.o)
    0x2000020c   0x00000060   Zero   RW          146    .bss                uart.o
    0x2000026c   0x00000004   PAD
    0x20000270   0x00001000   Zero   RW            2    HEAP                startup.o
    0x20001270   0x00001000   Zero   RW            1    STACK               startup.o


==============================================================================

Image component sizes


      Code (inc. data)   RO Data    RW Data    ZI Data      Debug   Object Name

       652         64          0         20          0       2518   adc.o
      2680        444          0         60          0       4383   gpio.o
        96         28          0         24          0       2727   initboard.o
         0          0          0        160          0        703   led_chars.o
      2580        472          0        195          0      13103   main.o
       376         14          0          0          0       2583   spi.o
       700        622          0          0       8192        432   startup.o
       492         72          0         36          0       2237   systick.o
      1452        100          0         16         96       4816   uart.o

    ----------------------------------------------------------------------
      9028       1816         32        512       8292      33502   Object Totals
         0          0         32          0          0          0   (incl. Generated)
         0          0          0          1          4          0   (incl. Padding)

    ----------------------------------------------------------------------

      Code (inc. data)   RO Data    RW Data    ZI Data      Debug   Library Member Name

       210          0          0          0          0       5184   circular_buffer.o
        92          0          0          0          0          0   __dczerorl2.o
         0          0          0          0          0          0   entry.o
         8          4          0          0          0          0   entry2.o
         4          0          0          0          0          0   entry5.o
         0          0          0          0          0          0   entry7b.o
         8          4          0          0          0          0   entry8.o
        30          0          0          0          0          0   handlers.o
        36          8          0          0          0         68   init.o
         0          0          0          0          0          0   iusefp.o
        30          0          0          0          0         68   llshl.o
        32          0          0          0          0         68   llushr.o
       108         16          0          0          0         84   malloc.o
         0          0          0          8          0          0   mvars.o
        36         10          0          4          0        136   rand.o
       190          0          0          0          0        176   depilogue.o
        62          0          0          0          0         80   dfixi.o
        26          0          0          0          0         76   dfltui.o
       224          0          0          0          0         96   dmul.o
       140          6          0          0          0        451   pll.o

    ----------------------------------------------------------------------
      1240         48          0         12          0       6487   Library Totals
         4          0          0          0          0          0   (incl. Padding)

    ----------------------------------------------------------------------

      Code (inc. data)   RO Data    RW Data    ZI Data      Debug   Library Name

       210          0          0          0          0       5184   circular_buffer.lib
       384         42          0         12          0        424   mc_w.l
       502          0          0          0          0        428   mf_w.l
       140          6          0          0          0        451   pll.lib

    ----------------------------------------------------------------------
      1240         48          0         12          0       6487   Library Totals

    ----------------------------------------------------------------------

==============================================================================


      Code (inc. data)   RO Data    RW Data    ZI Data      Debug   

     10268       1864         32        524       8292      39105   Grand Totals
     10268       1864         32        136       8292      39105   ELF Image Totals (compressed)
     10268       1864         32        136          0          0   ROM Totals

==============================================================================

    Total RO  Size (Code + RO Data)                10300 (  10.06kB)
    Total RW  Size (RW Data + ZI Data)              8816 (   8.61kB)
    Total ROM Size (Code + RO Data + RW Data)      10436 (  10.19kB)

==============================================================================

